
Usage:	docker helloworld COMMAND

A basic Hello World plugin for tests

Commands:
  apiversion  Print the API version of the server
  goodbye     Say Goodbye instead of Hello

Run 'docker helloworld COMMAND --help' for more information on a command.
